\! ./src/catalogfunctions-test
connected
Result set:
contrib_regression	public	booltab	TABLE	
contrib_regression	public	byteatab	TABLE	
contrib_regression	public	intervaltable	TABLE	
contrib_regression	public	testtab1	TABLE	
disconnecting
