\! ./src/cvtnulldate-test
connected
Result set:
1
disconnecting
